---
source: integration_tests/tests/integration_tests/cnft_tests.rs
expression: response
---
{
  "total": 1,
  "limit": 1000,
  "owners": [
    {
      "id": "AqeJvcCxuAfKwyJEtF1dVWkoSCrJppf1tbqH7T9C6pcw"
    }
  ]
}
