---
source: integration_tests/tests/integration_tests/fungible_tests.rs
expression: response
---
{
  "total": 1,
  "limit": 1000,
  "cursor": "n54ZwXEcLnc3o7zK48nhrLV4KTU5wWD4iq7Gvdt5tik",
  "items": [
    {
      "interface": "FungibleToken",
      "id": "n54ZwXEcLnc3o7zK48nhrLV4KTU5wWD4iq7Gvdt5tik",
      "content": {
        "$schema": "https://schema.metaplex.com/nft1.0.json",
        "json_uri": "",
        "files": [],
        "metadata": {},
        "links": {}
      },
      "authorities": [],
      "compression": {
        "eligible": false,
        "compressed": false,
        "data_hash": "",
        "creator_hash": "",
        "asset_hash": "",
        "tree": "",
        "seq": 0,
        "leaf_id": 0
      },
      "grouping": [],
      "royalty": {
        "royalty_model": "creators",
        "target": null,
        "percent": 0.0,
        "basis_points": 0,
        "primary_sale_happened": false,
        "locked": false
      },
      "creators": [],
      "ownership": {
        "frozen": false,
        "delegated": false,
        "delegate": null,
        "ownership_model": "token",
        "owner": "GgLAbLNTNHzjzF4WJmYDaXEXVEiYFoho6PWazisXbLVr"
      },
      "supply": null,
      "mutable": true,
      "burnt": false
    }
  ]
}
