---
source: integration_tests/tests/integration_tests/general_scenario_tests.rs
expression: response
---
{
  "grand_total": 0,
  "total": 0,
  "limit": 1,
  "page": 1,
  "items": []
}
